/opt/conda/envs/my/lib/python3.8/site-packages/torchvision/datapoints/__init__.py:12: UserWarning: The torchvision.datapoints and torchvision.transforms.v2 namespaces are still Beta. While we do not expect major breaking changes, some APIs may still change according to user feedback. Please submit any feedback you may have in this issue: https://github.com/pytorch/vision/issues/6753, and you can also check out https://github.com/pytorch/vision/issues/7319 to learn more about the APIs that we suspect might involve future changes. You can silence this warning by calling torchvision.disable_beta_transforms_warning().
  warnings.warn(_BETA_TRANSFORMS_WARNING)
/opt/conda/envs/my/lib/python3.8/site-packages/torchvision/transforms/v2/__init__.py:54: UserWarning: The torchvision.datapoints and torchvision.transforms.v2 namespaces are still Beta. While we do not expect major breaking changes, some APIs may still change according to user feedback. Please submit any feedback you may have in this issue: https://github.com/pytorch/vision/issues/6753, and you can also check out https://github.com/pytorch/vision/issues/7319 to learn more about the APIs that we suspect might involve future changes. You can silence this warning by calling torchvision.disable_beta_transforms_warning().
  warnings.warn(_BETA_TRANSFORMS_WARNING)
Matplotlib created a temporary cache directory at /tmp/matplotlib-efqg3uym because the default path (/home/i6user/.config/matplotlib) is not a writable directory; it is highly recommended to set the MPLCONFIGDIR environment variable to a writable directory, in particular to speed up the import of Matplotlib and to better support multiprocessing.
[__init__()] `backbone_config` is `None`. Initializing the config with the default `Swin` backbone.
[__init__()] text_config is None. Initializing the text config with default values (`BertConfig`).
[__init__()] `backbone_config` is `None`. Initializing the config with the default `Swin` backbone.
[__init__()] text_config is None. Initializing the text config with default values (`BertConfig`).
Warp UserWarning: Python 3.9 or newer is recommended for running Warp, detected sys.version_info(major=3, minor=8, micro=20, releaselevel='final', serial=0)
Warp 1.10.1 initialized:
   CUDA Toolkit 12.8, Driver 12.8
   Devices:
     "cpu"      : "x86_64"
     "cuda:0"   : "NVIDIA RTX 4000 Ada Generation" (20 GiB, sm_89, mempool enabled)
   Kernel cache:
     /home/i6user/.cache/warp/1.10.1
[VISION] bridge version: 2026-06-25-o3p-tof-camera
[VISION] O3P depth intrinsics from /shared_data/o3p/camera_params.json: fx=101.02 cx=121.90 cy=88.65
[__init__()] self.cfg: 
 lr: 0.0001
c_in: 6
zfar: 'Infinity'
debug: null
n_view: 1
run_id: 3wy8qqex
use_BN: true
exp_name: 2024-01-11-20-02-45
n_epochs: 62
save_dir: /home/bowenw/debug/2024-01-11-20-02-45/
use_mask: false
loss_type: pairwise_valid
optimizer: adam
batch_size: 64
crop_ratio: 1.1
enable_amp: true
use_normal: false
max_num_key: null
warmup_step: -1
input_resize:
- 160
- 160
max_step_val: 1000
vis_interval: 1000
weight_decay: 0
normalize_xyz: true
resume_run_id: null
clip_grad_norm: 'Infinity'
lr_epoch_decay: 500
render_backend: nvdiffrast
train_num_pair: 5
lr_decay_epochs:
- 50
n_epochs_warmup: 1
make_pair_online: false
gradient_max_norm: 'Infinity'
max_step_per_epoch: 10000
n_rendering_workers: 1
save_epoch_interval: 100
n_dataloader_workers: 100
split_objects_across_gpus: true
ckpt_dir: /FoundationPose/learning/training/../../weights/2024-01-11-20-02-45/model_best.pth

[__init__()] self.h5_file:None
[__init__()] Using pretrained model from /FoundationPose/learning/training/../../weights/2024-01-11-20-02-45/model_best.pth
[__init__()] init done
[__init__()] welcome
[__init__()] self.cfg: 
 lr: 0.0001
c_in: 6
zfar: .inf
debug: null
w_rot: 0.1
n_view: 1
run_id: null
use_BN: true
rot_rep: axis_angle
ckpt_dir: /FoundationPose/learning/training/../../weights/2023-10-28-18-33-37/model_best.pth
exp_name: 2023-10-28-18-33-37
save_dir: /tmp/2023-10-28-18-33-37/
loss_type: l2
optimizer: adam
trans_rep: tracknet
batch_size: 64
crop_ratio: 1.2
use_normal: false
BN_momentum: 0.1
max_num_key: null
warmup_step: -1
input_resize:
- 160
- 160
max_step_val: 1000
normal_uint8: false
vis_interval: 1000
weight_decay: 0
n_max_objects: null
normalize_xyz: true
clip_grad_norm: 'Infinity'
rot_normalizer: 0.3490658503988659
trans_normalizer:
- 0.019999999552965164
- 0.019999999552965164
- 0.05000000074505806
max_step_per_epoch: 25000
val_epoch_interval: 10
n_dataloader_workers: 60
enable_amp: true
use_mask: false

[__init__()] self.h5_file:
[__init__()] Using pretrained model from /FoundationPose/learning/training/../../weights/2023-10-28-18-33-37/model_best.pth
[__init__()] init done
[reset_object()] self.diameter:0.04778483449601245, vox_size:0.003
[reset_object()] self.pts:torch.Size([237, 3])
[reset_object()] reset done
[make_rotation_grid()] cam_in_obs:(42, 4, 4)
[make_rotation_grid()] rot_grid:(252, 4, 4)
[make_rotation_grid()] after cluster, rot_grid:(252, 4, 4)
[make_rotation_grid()] self.rot_grid: torch.Size([252, 4, 4])
QFontDatabase: Cannot find font directory /opt/conda/envs/my/lib/python3.8/site-packages/cv2/qt/fonts.
Note that Qt no longer ships fonts. Deploy some (from https://dejavu-fonts.github.io/ for example) or switch to fontconfig.
QFontDatabase: Cannot find font directory /opt/conda/envs/my/lib/python3.8/site-packages/cv2/qt/fonts.
Note that Qt no longer ships fonts. Deploy some (from https://dejavu-fonts.github.io/ for example) or switch to fontconfig.
QFontDatabase: Cannot find font directory /opt/conda/envs/my/lib/python3.8/site-packages/cv2/qt/fonts.
Note that Qt no longer ships fonts. Deploy some (from https://dejavu-fonts.github.io/ for example) or switch to fontconfig.
QFontDatabase: Cannot find font directory /opt/conda/envs/my/lib/python3.8/site-packages/cv2/qt/fonts.
Note that Qt no longer ships fonts. Deploy some (from https://dejavu-fonts.github.io/ for example) or switch to fontconfig.
QFontDatabase: Cannot find font directory /opt/conda/envs/my/lib/python3.8/site-packages/cv2/qt/fonts.
Note that Qt no longer ships fonts. Deploy some (from https://dejavu-fonts.github.io/ for example) or switch to fontconfig.
[register()] Welcome
[register()] poses:(252, 4, 4)
[register()] after viewpoint, add_errs min:-1.0
[predict()] ob_in_cams:(252, 4, 4)
[predict()] self.cfg.use_normal:False
[predict()] trans_normalizer:[0.019999999552965164, 0.019999999552965164, 0.05000000074505806], rot_normalizer:0.3490658503988659
[predict()] making cropped data
[make_crop_data_batch()] Welcome make_crop_data_batch
[make_crop_data_batch()] make tf_to_crops done
[make_crop_data_batch()] render done
[make_crop_data_batch()] warp done
[make_crop_data_batch()] pose batch data done
[predict()] forward start
[predict()] forward done
[predict()] making cropped data
[make_crop_data_batch()] Welcome make_crop_data_batch
[make_crop_data_batch()] make tf_to_crops done
[make_crop_data_batch()] render done
[make_crop_data_batch()] warp done
[make_crop_data_batch()] pose batch data done
[predict()] forward start
[predict()] forward done
[predict()] making cropped data
[make_crop_data_batch()] Welcome make_crop_data_batch
[make_crop_data_batch()] make tf_to_crops done
[make_crop_data_batch()] render done
[make_crop_data_batch()] warp done
[make_crop_data_batch()] pose batch data done
[predict()] forward start
[predict()] forward done
[predict()] making cropped data
[make_crop_data_batch()] Welcome make_crop_data_batch
[make_crop_data_batch()] make tf_to_crops done
[make_crop_data_batch()] render done
[make_crop_data_batch()] warp done
[make_crop_data_batch()] pose batch data done
[predict()] forward start
[predict()] forward done
[predict()] making cropped data
[make_crop_data_batch()] Welcome make_crop_data_batch
[make_crop_data_batch()] make tf_to_crops done
[make_crop_data_batch()] render done
[make_crop_data_batch()] warp done
[make_crop_data_batch()] pose batch data done
[predict()] forward start
[predict()] forward done
[predict()] making cropped data
[make_crop_data_batch()] Welcome make_crop_data_batch
[make_crop_data_batch()] make tf_to_crops done
[make_crop_data_batch()] render done
[make_crop_data_batch()] warp done
[make_crop_data_batch()] pose batch data done
[predict()] forward start
[predict()] forward done
[predict()] making cropped data
[make_crop_data_batch()] Welcome make_crop_data_batch
[make_crop_data_batch()] make tf_to_crops done
[make_crop_data_batch()] render done
[make_crop_data_batch()] warp done
[make_crop_data_batch()] pose batch data done
[predict()] forward start
[predict()] forward done
[predict()] making cropped data
[make_crop_data_batch()] Welcome make_crop_data_batch
[make_crop_data_batch()] make tf_to_crops done
[make_crop_data_batch()] render done
[make_crop_data_batch()] warp done
[make_crop_data_batch()] pose batch data done
[predict()] forward start
[predict()] forward done
[predict()] making cropped data
[make_crop_data_batch()] Welcome make_crop_data_batch
[make_crop_data_batch()] make tf_to_crops done
[make_crop_data_batch()] render done
[make_crop_data_batch()] warp done
[make_crop_data_batch()] pose batch data done
[predict()] forward start
[predict()] forward done
[predict()] making cropped data
[make_crop_data_batch()] Welcome make_crop_data_batch
[make_crop_data_batch()] make tf_to_crops done
[make_crop_data_batch()] render done
[make_crop_data_batch()] warp done
[make_crop_data_batch()] pose batch data done
[predict()] forward start
[predict()] forward done
[predict()] making cropped data
[make_crop_data_batch()] Welcome make_crop_data_batch
[make_crop_data_batch()] make tf_to_crops done
[make_crop_data_batch()] render done
[make_crop_data_batch()] warp done
[make_crop_data_batch()] pose batch data done
[predict()] forward start
[predict()] forward done
[predict()] making cropped data
[make_crop_data_batch()] Welcome make_crop_data_batch
[make_crop_data_batch()] make tf_to_crops done
[make_crop_data_batch()] render done
[make_crop_data_batch()] warp done
[make_crop_data_batch()] pose batch data done
[predict()] forward start
[predict()] forward done
[predict()] making cropped data
[make_crop_data_batch()] Welcome make_crop_data_batch
[make_crop_data_batch()] make tf_to_crops done
[make_crop_data_batch()] render done
[make_crop_data_batch()] warp done
[make_crop_data_batch()] pose batch data done
[predict()] forward start
[predict()] forward done
[predict()] making cropped data
[make_crop_data_batch()] Welcome make_crop_data_batch
[make_crop_data_batch()] make tf_to_crops done
[make_crop_data_batch()] render done
[make_crop_data_batch()] warp done
[make_crop_data_batch()] pose batch data done
[predict()] forward start
[predict()] forward done
[predict()] making cropped data
[make_crop_data_batch()] Welcome make_crop_data_batch
[make_crop_data_batch()] make tf_to_crops done
[make_crop_data_batch()] render done
[make_crop_data_batch()] warp done
[make_crop_data_batch()] pose batch data done
[predict()] forward start
[predict()] forward done
[predict()] making cropped data
[make_crop_data_batch()] Welcome make_crop_data_batch
[make_crop_data_batch()] make tf_to_crops done
[make_crop_data_batch()] render done
[make_crop_data_batch()] warp done
[make_crop_data_batch()] pose batch data done
[predict()] forward start
[predict()] forward done
[predict()] making cropped data
[make_crop_data_batch()] Welcome make_crop_data_batch
[make_crop_data_batch()] make tf_to_crops done
[make_crop_data_batch()] render done
[make_crop_data_batch()] warp done
[make_crop_data_batch()] pose batch data done
[predict()] forward start
[predict()] forward done
[predict()] making cropped data
[make_crop_data_batch()] Welcome make_crop_data_batch
[make_crop_data_batch()] make tf_to_crops done
[make_crop_data_batch()] render done
[make_crop_data_batch()] warp done
[make_crop_data_batch()] pose batch data done
[predict()] forward start
[predict()] forward done
[predict()] making cropped data
[make_crop_data_batch()] Welcome make_crop_data_batch
[make_crop_data_batch()] make tf_to_crops done
[make_crop_data_batch()] render done
[make_crop_data_batch()] warp done
[make_crop_data_batch()] pose batch data done
[predict()] forward start
[predict()] forward done
[predict()] making cropped data
[make_crop_data_batch()] Welcome make_crop_data_batch
[make_crop_data_batch()] make tf_to_crops done
[make_crop_data_batch()] render done
[make_crop_data_batch()] warp done
[make_crop_data_batch()] pose batch data done
[predict()] forward start
[predict()] forward done
[predict()] ob_in_cams:(252, 4, 4)
[predict()] self.cfg.use_normal:False
[predict()] making cropped data
[make_crop_data_batch()] Welcome make_crop_data_batch
[make_crop_data_batch()] make tf_to_crops done
[make_crop_data_batch()] render done
[make_crop_data_batch()] pose batch data done
[find_best_among_pairs()] pose_data.rgbAs.shape[0]: 252
[predict()] forward done
[register()] final, add_errs min:-1.0
[register()] sort ids:tensor([ 17, 172, 232, 203,  52,  53, 211,  61,  42, 141, 117, 129, 161, 218,
        152, 155,  64,  39,  50, 200, 166, 158,  49, 148,  65, 208,  44, 118,
        123, 196,  45, 250, 122,  36,  62, 145, 209, 138, 153, 163,  16, 128,
        214,  22, 136, 120,  40, 164, 205, 149,  10, 221, 119, 216, 135,  51,
        116, 154, 202,   4,  41,  43, 159, 162, 201, 134, 142, 215,  47,  76,
        121, 125, 137, 219,  38,  82, 131, 140, 156, 220,  37, 157, 206, 212,
         46, 126, 127, 130, 139, 146, 167, 222, 102, 143, 147, 160, 217,  48,
        213, 165,  25,  26,  30,  33,  70,  71,  86,  88,  95,  99, 101, 103,
        168, 176, 182, 186, 188,   1,   7,  13,  27,  28,  29,  31,  34,  56,
         57,  59,  66,  67,  68,  69,  84,  91,  92,  93,  96, 105, 106, 107,
        108, 110, 112, 113, 169, 175, 183, 184, 187, 189, 190, 199, 225, 228,
        229, 235, 236, 237, 238, 240, 242, 243, 244,  19,  24,  32,  35,  54,
         55,  58,  85,  90,  98, 104, 109, 111, 124, 151, 178, 180, 181, 185,
        191, 223, 224, 226, 233, 234, 239, 241, 245,  60,  97, 210, 100, 231,
         63,  87, 174, 207,   8,  14, 170, 230,  15, 171, 177, 195,   3,   9,
         21,  81, 114, 249,  75, 246,  18,   0,  12,  72,  78, 132, 144, 192,
        204,   6,  73,  74,  80, 115,  20,  79, 193, 194, 247, 248,   2, 133,
        150,   5,  23,  77,  83, 179, 251, 197, 227, 173,  11,  89,  94, 198])
[register()] sorted scores:tensor([115.3281, 114.6094, 114.5938, 114.5859, 114.5703, 114.5625, 114.5469,
        114.5391, 114.5234, 114.5000, 114.4922, 114.4766, 114.4766, 114.4609,
        114.4531, 114.4531, 114.4453, 114.4375, 114.4297, 114.4219, 114.4141,
        114.4062, 114.3984, 114.3984, 114.3906, 114.3516, 114.3438, 114.3438,
        114.3438, 114.3438, 114.3359, 114.3359, 114.3281, 114.2969, 114.2969,
        114.2969, 114.2969, 114.2891, 114.2891, 114.2891, 114.2812, 114.2812,
        114.2812, 114.2734, 114.2734, 114.2656, 114.2578, 114.2578, 114.2578,
        114.2500, 114.2422, 114.2422, 114.2344, 114.2344, 114.2266, 114.2188,
        114.2188, 114.2188, 114.2109, 114.2031, 114.2031, 114.2031, 114.2031,
        114.2031, 114.2031, 114.1953, 114.1953, 114.1953, 114.1875, 114.1875,
        114.1875, 114.1875, 114.1875, 114.1875, 114.1797, 114.1797, 114.1797,
        114.1797, 114.1797, 114.1797, 114.1719, 114.1719, 114.1719, 114.1719,
        114.1641, 114.1641, 114.1641, 114.1641, 114.1641, 114.1641, 114.1641,
        114.1641, 114.1562, 114.1562, 114.1562, 114.1562, 114.1562, 114.1484,
        114.1484, 114.1406, 114.1328, 114.1328, 114.1328, 114.1328, 114.1328,
        114.1328, 114.1328, 114.1328, 114.1328, 114.1328, 114.1328, 114.1328,
        114.1328, 114.1328, 114.1328, 114.1328, 114.1328, 114.1250, 114.1250,
        114.1250, 114.1250, 114.1250, 114.1250, 114.1250, 114.1250, 114.1250,
        114.1250, 114.1250, 114.1250, 114.1250, 114.1250, 114.1250, 114.1250,
        114.1250, 114.1250, 114.1250, 114.1250, 114.1250, 114.1250, 114.1250,
        114.1250, 114.1250, 114.1250, 114.1250, 114.1250, 114.1250, 114.1250,
        114.1250, 114.1250, 114.1250, 114.1250, 114.1250, 114.1250, 114.1250,
        114.1250, 114.1250, 114.1250, 114.1250, 114.1250, 114.1250, 114.1250,
        114.1250, 114.1250, 114.1172, 114.1172, 114.1172, 114.1172, 114.1172,
        114.1172, 114.1172, 114.1172, 114.1172, 114.1172, 114.1172, 114.1172,
        114.1172, 114.1172, 114.1172, 114.1172, 114.1172, 114.1172, 114.1172,
        114.1172, 114.1172, 114.1172, 114.1172, 114.1172, 114.1172, 114.1172,
        114.1172, 114.1172, 114.1094, 114.1094, 114.1094, 114.0938, 114.0859,
        114.0703, 113.9375, 113.8906, 113.8750, 113.8672, 113.8281, 113.8203,
        113.8203, 113.7734, 113.7656, 113.7656, 113.7656, 113.7578, 113.7266,
        113.7266, 113.7188, 113.7188, 113.7188, 113.7109, 113.7109, 113.7031,
        113.6953, 113.6953, 113.6953, 113.6953, 113.6953, 113.6953, 113.6953,
        113.6953, 113.6875, 113.6406, 113.6406, 113.6406, 113.6406, 113.6328,
        113.6328, 113.6328, 113.6328, 113.6328, 113.6328, 113.6250, 113.6172,
        113.6094, 113.6016, 113.6016, 113.6016, 113.6016, 113.6016, 113.6016,
        113.5938, 113.5859, 113.5703, 113.5625, 113.5625, 113.5625, 113.5078])
[register()] Welcome
[register()] poses:(252, 4, 4)
[register()] after viewpoint, add_errs min:-1.0
[predict()] ob_in_cams:(252, 4, 4)
[predict()] self.cfg.use_normal:False
[predict()] trans_normalizer:[0.019999999552965164, 0.019999999552965164, 0.05000000074505806], rot_normalizer:0.3490658503988659
[predict()] making cropped data
[make_crop_data_batch()] Welcome make_crop_data_batch
[make_crop_data_batch()] make tf_to_crops done
[make_crop_data_batch()] render done
[make_crop_data_batch()] warp done
[make_crop_data_batch()] pose batch data done
[predict()] forward start
[predict()] forward done
[predict()] making cropped data
[make_crop_data_batch()] Welcome make_crop_data_batch
[make_crop_data_batch()] make tf_to_crops done
[make_crop_data_batch()] render done
[make_crop_data_batch()] warp done
[make_crop_data_batch()] pose batch data done
[predict()] forward start
[predict()] forward done
[predict()] making cropped data
[make_crop_data_batch()] Welcome make_crop_data_batch
[make_crop_data_batch()] make tf_to_crops done
[make_crop_data_batch()] render done
[make_crop_data_batch()] warp done
[make_crop_data_batch()] pose batch data done
[predict()] forward start
[predict()] forward done
[predict()] making cropped data
[make_crop_data_batch()] Welcome make_crop_data_batch
[make_crop_data_batch()] make tf_to_crops done
[make_crop_data_batch()] render done
[make_crop_data_batch()] warp done
[make_crop_data_batch()] pose batch data done
[predict()] forward start
[predict()] forward done
[predict()] making cropped data
[make_crop_data_batch()] Welcome make_crop_data_batch
[make_crop_data_batch()] make tf_to_crops done
[make_crop_data_batch()] render done
[make_crop_data_batch()] warp done
[make_crop_data_batch()] pose batch data done
[predict()] forward start
[predict()] forward done
[predict()] making cropped data
[make_crop_data_batch()] Welcome make_crop_data_batch
[make_crop_data_batch()] make tf_to_crops done
[make_crop_data_batch()] render done
[make_crop_data_batch()] warp done
[make_crop_data_batch()] pose batch data done
[predict()] forward start
[predict()] forward done
[predict()] making cropped data
[make_crop_data_batch()] Welcome make_crop_data_batch
[make_crop_data_batch()] make tf_to_crops done
[make_crop_data_batch()] render done
[make_crop_data_batch()] warp done
[make_crop_data_batch()] pose batch data done
[predict()] forward start
[predict()] forward done
[predict()] making cropped data
[make_crop_data_batch()] Welcome make_crop_data_batch
[make_crop_data_batch()] make tf_to_crops done
[make_crop_data_batch()] render done
[make_crop_data_batch()] warp done
[make_crop_data_batch()] pose batch data done
[predict()] forward start
[predict()] forward done
[predict()] making cropped data
[make_crop_data_batch()] Welcome make_crop_data_batch
[make_crop_data_batch()] make tf_to_crops done
[make_crop_data_batch()] render done
[make_crop_data_batch()] warp done
[make_crop_data_batch()] pose batch data done
[predict()] forward start
[predict()] forward done
[predict()] making cropped data
[make_crop_data_batch()] Welcome make_crop_data_batch
[make_crop_data_batch()] make tf_to_crops done
[make_crop_data_batch()] render done
[make_crop_data_batch()] warp done
[make_crop_data_batch()] pose batch data done
[predict()] forward start
[predict()] forward done
[predict()] making cropped data
[make_crop_data_batch()] Welcome make_crop_data_batch
[make_crop_data_batch()] make tf_to_crops done
[make_crop_data_batch()] render done
[make_crop_data_batch()] warp done
[make_crop_data_batch()] pose batch data done
[predict()] forward start
[predict()] forward done
[predict()] making cropped data
[make_crop_data_batch()] Welcome make_crop_data_batch
[make_crop_data_batch()] make tf_to_crops done
[make_crop_data_batch()] render done
[make_crop_data_batch()] warp done
[make_crop_data_batch()] pose batch data done
[predict()] forward start
[predict()] forward done
[predict()] making cropped data
[make_crop_data_batch()] Welcome make_crop_data_batch
[make_crop_data_batch()] make tf_to_crops done
[make_crop_data_batch()] render done
[make_crop_data_batch()] warp done
[make_crop_data_batch()] pose batch data done
[predict()] forward start
[predict()] forward done
[predict()] making cropped data
[make_crop_data_batch()] Welcome make_crop_data_batch
[make_crop_data_batch()] make tf_to_crops done
[make_crop_data_batch()] render done
[make_crop_data_batch()] warp done
[make_crop_data_batch()] pose batch data done
[predict()] forward start
[predict()] forward done
[predict()] making cropped data
[make_crop_data_batch()] Welcome make_crop_data_batch
[make_crop_data_batch()] make tf_to_crops done
[make_crop_data_batch()] render done
[make_crop_data_batch()] warp done
[make_crop_data_batch()] pose batch data done
[predict()] forward start
[predict()] forward done
[predict()] making cropped data
[make_crop_data_batch()] Welcome make_crop_data_batch
[make_crop_data_batch()] make tf_to_crops done
[make_crop_data_batch()] render done
[make_crop_data_batch()] warp done
[make_crop_data_batch()] pose batch data done
[predict()] forward start
[predict()] forward done
[predict()] making cropped data
[make_crop_data_batch()] Welcome make_crop_data_batch
[make_crop_data_batch()] make tf_to_crops done
[make_crop_data_batch()] render done
[make_crop_data_batch()] warp done
[make_crop_data_batch()] pose batch data done
[predict()] forward start
[predict()] forward done
[predict()] making cropped data
[make_crop_data_batch()] Welcome make_crop_data_batch
[make_crop_data_batch()] make tf_to_crops done
[make_crop_data_batch()] render done
[make_crop_data_batch()] warp done
[make_crop_data_batch()] pose batch data done
[predict()] forward start
[predict()] forward done
[predict()] making cropped data
[make_crop_data_batch()] Welcome make_crop_data_batch
[make_crop_data_batch()] make tf_to_crops done
[make_crop_data_batch()] render done
[make_crop_data_batch()] warp done
[make_crop_data_batch()] pose batch data done
[predict()] forward start
[predict()] forward done
[predict()] making cropped data
[make_crop_data_batch()] Welcome make_crop_data_batch
[make_crop_data_batch()] make tf_to_crops done
[make_crop_data_batch()] render done
[make_crop_data_batch()] warp done
[make_crop_data_batch()] pose batch data done
[predict()] forward start
[predict()] forward done
[predict()] ob_in_cams:(252, 4, 4)
[predict()] self.cfg.use_normal:False
[predict()] making cropped data
[make_crop_data_batch()] Welcome make_crop_data_batch
[make_crop_data_batch()] make tf_to_crops done
[make_crop_data_batch()] render done
[make_crop_data_batch()] pose batch data done
[find_best_among_pairs()] pose_data.rgbAs.shape[0]: 252
[predict()] forward done
[register()] final, add_errs min:-1.0
[register()] sort ids:tensor([  1,   2,   7,  13,  19,  20,  24,  25,  26,  27,  30,  32,  33,  55,
         56,  57,  59,  69,  73,  79,  80,  84,  85,  86,  92,  93,  97,  99,
        102, 105, 109, 111, 112, 115, 151, 169, 175, 176, 177, 180, 181, 182,
        183, 185, 186, 187, 188, 189, 193, 194, 199, 224, 225, 231, 234, 235,
        237, 240, 242, 243, 245, 247, 248,  14,  29,  31,  35,  67,  68,  71,
         74,  87,  91,  98, 103, 104, 108, 110, 113, 133, 171, 191, 223, 229,
        236, 239, 241,   3,  21,  65, 126, 147, 198, 221,  15,  47,  64,  77,
        118, 119, 148, 155, 161,  10,  22,  41,  46,  52,  76,  83, 114, 117,
        124, 125, 137, 144, 172, 197, 203, 204, 207, 210, 214, 218,   4,   9,
         11,  23,  51,  53,  82, 120, 129, 132, 136, 157, 167, 196, 201, 202,
        215, 217, 232, 251,  17,  36,  37,  38,  40,  42,  44,  45,  48,  50,
         62,  63, 130, 135, 139, 141, 142, 150, 153, 154, 158, 164, 166, 208,
        212, 219, 250,  39,  43,  54,  96, 121, 123, 131, 138, 140, 143, 156,
        159, 163, 165, 170, 209, 211, 213, 216, 220,   5,   8,  12,  34,  60,
         66,  72,  78,  90, 127, 149, 152, 160, 162, 168, 192, 200, 230, 246,
        184,  49,  61, 122, 134, 222,  28,  58,  95, 116, 128, 174, 179, 190,
        205, 244,   6,  18,  75, 106, 145, 195, 238,   0,  16, 178, 206, 228,
        249,  81,  89, 107, 146, 226,  70,  88, 100, 233, 101, 173, 227,  94])
[register()] sorted scores:tensor([129.5156, 129.5156, 129.5156, 129.5156, 129.5156, 129.5156, 129.5156,
        129.5156, 129.5156, 129.5156, 129.5156, 129.5156, 129.5156, 129.5156,
        129.5156, 129.5156, 129.5156, 129.5156, 129.5156, 129.5156, 129.5156,
        129.5156, 129.5156, 129.5156, 129.5156, 129.5156, 129.5156, 129.5156,
        129.5156, 129.5156, 129.5156, 129.5156, 129.5156, 129.5156, 129.5156,
        129.5156, 129.5156, 129.5156, 129.5156, 129.5156, 129.5156, 129.5156,
        129.5156, 129.5156, 129.5156, 129.5156, 129.5156, 129.5156, 129.5156,
        129.5156, 129.5156, 129.5156, 129.5156, 129.5156, 129.5156, 129.5156,
        129.5156, 129.5156, 129.5156, 129.5156, 129.5156, 129.5156, 129.5156,
        129.5000, 129.5000, 129.5000, 129.5000, 129.5000, 129.5000, 129.5000,
        129.5000, 129.5000, 129.5000, 129.5000, 129.5000, 129.5000, 129.5000,
        129.5000, 129.5000, 129.5000, 129.5000, 129.5000, 129.5000, 129.5000,
        129.5000, 129.5000, 129.5000, 129.4844, 129.4688, 129.4531, 129.4531,
        129.4531, 129.4531, 129.4531, 129.4375, 129.4375, 129.4375, 129.4375,
        129.4375, 129.4375, 129.4375, 129.4375, 129.4375, 129.4219, 129.4219,
        129.4219, 129.4219, 129.4219, 129.4219, 129.4219, 129.4219, 129.4219,
        129.4219, 129.4219, 129.4219, 129.4219, 129.4219, 129.4219, 129.4219,
        129.4219, 129.4219, 129.4219, 129.4219, 129.4219, 129.4062, 129.4062,
        129.4062, 129.4062, 129.4062, 129.4062, 129.4062, 129.4062, 129.4062,
        129.4062, 129.4062, 129.4062, 129.4062, 129.4062, 129.4062, 129.4062,
        129.4062, 129.4062, 129.4062, 129.4062, 129.3906, 129.3906, 129.3906,
        129.3906, 129.3906, 129.3906, 129.3906, 129.3906, 129.3906, 129.3906,
        129.3906, 129.3906, 129.3906, 129.3906, 129.3906, 129.3906, 129.3906,
        129.3906, 129.3906, 129.3906, 129.3906, 129.3906, 129.3906, 129.3906,
        129.3906, 129.3906, 129.3906, 129.3750, 129.3750, 129.3750, 129.3750,
        129.3750, 129.3750, 129.3750, 129.3750, 129.3750, 129.3750, 129.3750,
        129.3750, 129.3750, 129.3750, 129.3750, 129.3750, 129.3750, 129.3750,
        129.3750, 129.3750, 129.3594, 129.3594, 129.3594, 129.3594, 129.3594,
        129.3594, 129.3594, 129.3594, 129.3594, 129.3594, 129.3594, 129.3594,
        129.3594, 129.3594, 129.3594, 129.3594, 129.3594, 129.3594, 129.3594,
        129.3438, 129.3281, 129.3281, 129.3281, 129.3281, 129.3281, 129.3125,
        129.3125, 129.3125, 129.3125, 129.3125, 129.3125, 129.3125, 129.3125,
        129.3125, 129.3125, 129.2969, 129.2969, 129.2969, 129.2969, 129.2969,
        129.2969, 129.2969, 129.2812, 129.2812, 129.2812, 129.2812, 129.2812,
        129.2812, 129.2656, 129.2656, 129.2656, 129.2656, 129.2656, 129.2500,
        129.2500, 129.2500, 129.2500, 129.2344, 129.2344, 129.2344, 129.2188])
[reset_object()] self.diameter:0.07289795090903999, vox_size:0.0036448975454519993
[reset_object()] self.pts:torch.Size([455, 3])
[reset_object()] reset done
[make_rotation_grid()] cam_in_obs:(42, 4, 4)
[make_rotation_grid()] rot_grid:(252, 4, 4)
[make_rotation_grid()] after cluster, rot_grid:(252, 4, 4)
[make_rotation_grid()] self.rot_grid: torch.Size([252, 4, 4])
[register()] Welcome
[register()] poses:(252, 4, 4)
[register()] after viewpoint, add_errs min:-1.0
[predict()] ob_in_cams:(252, 4, 4)
[predict()] self.cfg.use_normal:False
[predict()] trans_normalizer:[0.019999999552965164, 0.019999999552965164, 0.05000000074505806], rot_normalizer:0.3490658503988659
[predict()] making cropped data
[make_crop_data_batch()] Welcome make_crop_data_batch
[make_crop_data_batch()] make tf_to_crops done
[make_crop_data_batch()] render done
[make_crop_data_batch()] warp done
[make_crop_data_batch()] pose batch data done
[predict()] forward start
[predict()] forward done
[predict()] making cropped data
[make_crop_data_batch()] Welcome make_crop_data_batch
[make_crop_data_batch()] make tf_to_crops done
[make_crop_data_batch()] render done
[make_crop_data_batch()] warp done
[make_crop_data_batch()] pose batch data done
[predict()] forward start
[predict()] forward done
[predict()] making cropped data
[make_crop_data_batch()] Welcome make_crop_data_batch
[make_crop_data_batch()] make tf_to_crops done
[make_crop_data_batch()] render done
[make_crop_data_batch()] warp done
[make_crop_data_batch()] pose batch data done
[predict()] forward start
[predict()] forward done
[predict()] making cropped data
[make_crop_data_batch()] Welcome make_crop_data_batch
[make_crop_data_batch()] make tf_to_crops done
[make_crop_data_batch()] render done
[make_crop_data_batch()] warp done
[make_crop_data_batch()] pose batch data done
[predict()] forward start
[predict()] forward done
[predict()] making cropped data
[make_crop_data_batch()] Welcome make_crop_data_batch
[make_crop_data_batch()] make tf_to_crops done
[make_crop_data_batch()] render done
[make_crop_data_batch()] warp done
[make_crop_data_batch()] pose batch data done
[predict()] forward start
[predict()] forward done
[predict()] making cropped data
[make_crop_data_batch()] Welcome make_crop_data_batch
[make_crop_data_batch()] make tf_to_crops done
[make_crop_data_batch()] render done
[make_crop_data_batch()] warp done
[make_crop_data_batch()] pose batch data done
[predict()] forward start
[predict()] forward done
[predict()] making cropped data
[make_crop_data_batch()] Welcome make_crop_data_batch
[make_crop_data_batch()] make tf_to_crops done
[make_crop_data_batch()] render done
[make_crop_data_batch()] warp done
[make_crop_data_batch()] pose batch data done
[predict()] forward start
[predict()] forward done
[predict()] making cropped data
[make_crop_data_batch()] Welcome make_crop_data_batch
[make_crop_data_batch()] make tf_to_crops done
[make_crop_data_batch()] render done
[make_crop_data_batch()] warp done
[make_crop_data_batch()] pose batch data done
[predict()] forward start
[predict()] forward done
[predict()] making cropped data
[make_crop_data_batch()] Welcome make_crop_data_batch
[make_crop_data_batch()] make tf_to_crops done
[make_crop_data_batch()] render done
[make_crop_data_batch()] warp done
[make_crop_data_batch()] pose batch data done
[predict()] forward start
[predict()] forward done
[predict()] making cropped data
[make_crop_data_batch()] Welcome make_crop_data_batch
[make_crop_data_batch()] make tf_to_crops done
[make_crop_data_batch()] render done
[make_crop_data_batch()] warp done
[make_crop_data_batch()] pose batch data done
[predict()] forward start
[predict()] forward done
[predict()] making cropped data
[make_crop_data_batch()] Welcome make_crop_data_batch
[make_crop_data_batch()] make tf_to_crops done
[make_crop_data_batch()] render done
[make_crop_data_batch()] warp done
[make_crop_data_batch()] pose batch data done
[predict()] forward start
[predict()] forward done
[predict()] making cropped data
[make_crop_data_batch()] Welcome make_crop_data_batch
[make_crop_data_batch()] make tf_to_crops done
[make_crop_data_batch()] render done
[make_crop_data_batch()] warp done
[make_crop_data_batch()] pose batch data done
[predict()] forward start
[predict()] forward done
[predict()] making cropped data
[make_crop_data_batch()] Welcome make_crop_data_batch
[make_crop_data_batch()] make tf_to_crops done
[make_crop_data_batch()] render done
[make_crop_data_batch()] warp done
[make_crop_data_batch()] pose batch data done
[predict()] forward start
[predict()] forward done
[predict()] making cropped data
[make_crop_data_batch()] Welcome make_crop_data_batch
[make_crop_data_batch()] make tf_to_crops done
[make_crop_data_batch()] render done
[make_crop_data_batch()] warp done
[make_crop_data_batch()] pose batch data done
[predict()] forward start
[predict()] forward done
[predict()] making cropped data
[make_crop_data_batch()] Welcome make_crop_data_batch
[make_crop_data_batch()] make tf_to_crops done
[make_crop_data_batch()] render done
[make_crop_data_batch()] warp done
[make_crop_data_batch()] pose batch data done
[predict()] forward start
[predict()] forward done
[predict()] making cropped data
[make_crop_data_batch()] Welcome make_crop_data_batch
[make_crop_data_batch()] make tf_to_crops done
[make_crop_data_batch()] render done
[make_crop_data_batch()] warp done
[make_crop_data_batch()] pose batch data done
[predict()] forward start
[predict()] forward done
[predict()] making cropped data
[make_crop_data_batch()] Welcome make_crop_data_batch
[make_crop_data_batch()] make tf_to_crops done
[make_crop_data_batch()] render done
[make_crop_data_batch()] warp done
[make_crop_data_batch()] pose batch data done
[predict()] forward start
[predict()] forward done
[predict()] making cropped data
[make_crop_data_batch()] Welcome make_crop_data_batch
[make_crop_data_batch()] make tf_to_crops done
[make_crop_data_batch()] render done
[make_crop_data_batch()] warp done
[make_crop_data_batch()] pose batch data done
[predict()] forward start
[predict()] forward done
[predict()] making cropped data
[make_crop_data_batch()] Welcome make_crop_data_batch
[make_crop_data_batch()] make tf_to_crops done
[make_crop_data_batch()] render done
[make_crop_data_batch()] warp done
[make_crop_data_batch()] pose batch data done
[predict()] forward start
[predict()] forward done
[predict()] making cropped data
[make_crop_data_batch()] Welcome make_crop_data_batch
[make_crop_data_batch()] make tf_to_crops done
[make_crop_data_batch()] render done
[make_crop_data_batch()] warp done
[make_crop_data_batch()] pose batch data done
[predict()] forward start
[predict()] forward done
[predict()] ob_in_cams:(252, 4, 4)
[predict()] self.cfg.use_normal:False
[predict()] making cropped data
[make_crop_data_batch()] Welcome make_crop_data_batch
[make_crop_data_batch()] make tf_to_crops done
[make_crop_data_batch()] render done
[make_crop_data_batch()] pose batch data done
[find_best_among_pairs()] pose_data.rgbAs.shape[0]: 252
[predict()] forward done
[register()] final, add_errs min:-1.0
[register()] sort ids:tensor([  3,  27,  33,  58,  70,  75,  81,  87,  89, 109, 177, 184, 194,   7,
         26,  28,  31,  32,  34,  35,  69,  88,  93,  99, 100, 105, 106, 107,
        110, 113, 172, 176, 180, 187, 191, 224, 225, 232, 239, 240, 243, 244,
          8,  13,  14,  21,  25,  29,  54,  57,  66,  73,  74,  79,  80,  85,
         86,  92,  94,  95,  97,  98, 103, 104, 112, 169, 170, 175, 179, 182,
        183, 185, 186, 189, 190, 195, 227, 229, 234, 237, 238, 242, 245, 248,
        249,  91, 101, 230, 235, 223,  17,  18,  38,  40,  44,  48,  51,  63,
         72,  76,  78,  83, 114, 118, 119, 121, 128, 136, 137, 139, 143, 147,
        150, 152, 153, 165, 192, 206, 207, 246,   1,   2,   4,   5,   6,  12,
         19,  20,  22,  23,  37,  41,  43,  46,  47,  49,  60,  61,  77,  82,
        115, 116, 124, 125, 127, 130, 131, 132, 133, 134, 140, 142, 144, 146,
        149, 154, 157, 159, 160, 162, 164, 167, 193, 197, 199, 200, 201, 202,
        204, 209, 210, 212, 213, 215, 217, 219, 220, 247, 251, 122, 151, 173,
        174, 111, 196, 233,  68, 108,  10, 102, 222,  16,  56,  84, 250,  11,
        205,  24,  30, 145,  52,   9, 226,  55,  59,  90,  96, 178, 181, 188,
        236, 241,  67,  71,  15,  65, 129, 158, 214,  39,  45,  50,  53,  62,
        117, 123, 135, 155, 163, 166, 203, 211, 218, 156, 168, 171, 216, 231,
         42, 120, 138, 141,  36,  64, 126, 161, 221,   0, 198, 148, 208, 228])
[register()] sorted scores:tensor([118.3125, 118.3125, 118.3125, 118.3125, 118.3125, 118.3125, 118.3125,
        118.3125, 118.3125, 118.3125, 118.3125, 118.3125, 118.3125, 118.2969,
        118.2969, 118.2969, 118.2969, 118.2969, 118.2969, 118.2969, 118.2969,
        118.2969, 118.2969, 118.2969, 118.2969, 118.2969, 118.2969, 118.2969,
        118.2969, 118.2969, 118.2969, 118.2969, 118.2969, 118.2969, 118.2969,
        118.2969, 118.2969, 118.2969, 118.2969, 118.2969, 118.2969, 118.2969,
        118.2812, 118.2812, 118.2812, 118.2812, 118.2812, 118.2812, 118.2812,
        118.2812, 118.2812, 118.2812, 118.2812, 118.2812, 118.2812, 118.2812,
        118.2812, 118.2812, 118.2812, 118.2812, 118.2812, 118.2812, 118.2812,
        118.2812, 118.2812, 118.2812, 118.2812, 118.2812, 118.2812, 118.2812,
        118.2812, 118.2812, 118.2812, 118.2812, 118.2812, 118.2812, 118.2812,
        118.2812, 118.2812, 118.2812, 118.2812, 118.2812, 118.2812, 118.2812,
        118.2812, 118.2656, 118.2656, 118.2656, 118.2656, 118.2031, 118.1406,
        118.1406, 118.1406, 118.1406, 118.1406, 118.1406, 118.1406, 118.1406,
        118.1406, 118.1406, 118.1406, 118.1406, 118.1406, 118.1406, 118.1406,
        118.1406, 118.1406, 118.1406, 118.1406, 118.1406, 118.1406, 118.1406,
        118.1406, 118.1406, 118.1406, 118.1406, 118.1406, 118.1406, 118.1406,
        118.1406, 118.1250, 118.1250, 118.1250, 118.1250, 118.1250, 118.1250,
        118.1250, 118.1250, 118.1250, 118.1250, 118.1250, 118.1250, 118.1250,
        118.1250, 118.1250, 118.1250, 118.1250, 118.1250, 118.1250, 118.1250,
        118.1250, 118.1250, 118.1250, 118.1250, 118.1250, 118.1250, 118.1250,
        118.1250, 118.1250, 118.1250, 118.1250, 118.1250, 118.1250, 118.1250,
        118.1250, 118.1250, 118.1250, 118.1250, 118.1250, 118.1250, 118.1250,
        118.1250, 118.1250, 118.1250, 118.1250, 118.1250, 118.1250, 118.1250,
        118.1250, 118.1250, 118.1250, 118.1250, 118.1250, 118.1250, 118.1250,
        118.1250, 118.1250, 118.1250, 118.1250, 118.1094, 118.1094, 118.1094,
        118.1094, 118.0938, 118.0938, 118.0938, 118.0625, 118.0625, 118.0000,
        118.0000, 118.0000, 117.9688, 117.9688, 117.9688, 117.9531, 117.9375,
        117.9062, 117.8906, 117.8906, 117.8438, 117.7500, 117.6250, 117.6250,
        117.6094, 117.6094, 117.6094, 117.6094, 117.6094, 117.6094, 117.6094,
        117.6094, 117.6094, 117.5938, 117.5938, 117.5781, 117.5625, 117.5469,
        117.5469, 117.5469, 117.5312, 117.5312, 117.5312, 117.5312, 117.5312,
        117.5312, 117.5312, 117.5312, 117.5312, 117.5312, 117.5312, 117.5312,
        117.5312, 117.5312, 117.5156, 117.5156, 117.5156, 117.5156, 117.5156,
        117.5000, 117.5000, 117.5000, 117.5000, 117.4844, 117.4844, 117.4844,
        117.4844, 117.4844, 117.4531, 117.4531, 117.4219, 117.4219, 117.3906])
